#-----------------------------------------------------------
# Vivado v2020.2 (64-bit)
# SW Build 3064766 on Wed Nov 18 09:12:45 MST 2020
# IP Build 3064653 on Wed Nov 18 14:17:31 MST 2020
# Start of session at: Wed Mar  8 13:52:10 2023
# Process ID: 12084
# Current directory: C:/Users/ehgartns/Documents/PQrep/pq_Research/QuickQ
# Command line: vivado.exe -gui_launcher_event rodinguilauncherevent17696 C:\Users\ehgartns\Documents\PQrep\pq_Research\QuickQ\QuickQ_project.xpr
# Log file: C:/Users/ehgartns/Documents/PQrep/pq_Research/QuickQ/vivado.log
# Journal file: C:/Users/ehgartns/Documents/PQrep/pq_Research/QuickQ\vivado.jou
#-----------------------------------------------------------
start_gui
open_project C:/Users/ehgartns/Documents/PQrep/pq_Research/QuickQ/QuickQ_project.xpr
update_compile_order -fileset sources_1
synth_design -rtl -rtl_skip_mlo -name rtl_1
synth_design -rtl -rtl_skip_mlo -name rtl_1
synth_design -rtl -rtl_skip_mlo -name rtl_1
synth_design -rtl -rtl_skip_mlo -name rtl_1
synth_design -rtl -rtl_skip_mlo -name rtl_1
close [ open C:/Users/ehgartns/Documents/PQrep/pq_Research/QuickQ/RTL/valueRouter.sv w ]
add_files C:/Users/ehgartns/Documents/PQrep/pq_Research/QuickQ/RTL/valueRouter.sv
update_compile_order -fileset sources_1
update_compile_order -fileset sources_1
refresh_design
refresh_design
launch_runs impl_1 -to_step write_bitstream -jobs 2
wait_on_run impl_1
reset_run synth_1
launch_runs synth_1 -jobs 2
wait_on_run synth_1
refresh_design
refresh_design
refresh_design
set_property is_enabled false [get_files  C:/Users/ehgartns/Documents/PQrep/pq_Research/QuickQ/RTL/count_increase.sv]
set_property is_enabled false [get_files  C:/Users/ehgartns/Documents/PQrep/pq_Research/QuickQ/RTL/counter_addr.sv]
set_property is_enabled false [get_files  C:/Users/ehgartns/Documents/PQrep/pq_Research/QuickQ/QuickQ_project.srcs/sources_1/new/counter_size.sv]
set_property is_enabled false [get_files  C:/Users/ehgartns/Documents/PQrep/pq_Research/QuickQ/RTL/dffe.sv]
set_property is_enabled false [get_files  C:/Users/ehgartns/Documents/PQrep/pq_Research/QuickQ/RTL/quickFSM.sv]
reset_run synth_1
launch_runs synth_1 -jobs 2
wait_on_run synth_1
