#-----------------------------------------------------------
# Vivado v2020.2 (64-bit)
# SW Build 3064766 on Wed Nov 18 09:12:45 MST 2020
# IP Build 3064653 on Wed Nov 18 14:17:31 MST 2020
# Start of session at: Wed Aug  3 13:13:43 2022
# Process ID: 8064
# Current directory: C:/Users/ehgartns/Documents/new_pq_repo/auto_pq_16 bit
# Command line: vivado.exe -gui_launcher_event rodinguilauncherevent10728 C:\Users\ehgartns\Documents\new_pq_repo\auto_pq_16 bit\auto_pq_16.xpr
# Log file: C:/Users/ehgartns/Documents/new_pq_repo/auto_pq_16 bit/vivado.log
# Journal file: C:/Users/ehgartns/Documents/new_pq_repo/auto_pq_16 bit\vivado.jou
#-----------------------------------------------------------
start_gui
open_project {C:/Users/ehgartns/Documents/new_pq_repo/auto_pq_16 bit/auto_pq_16.xpr}
update_compile_order -fileset sources_1
export_ip_user_files -of_objects  [get_files {{C:/Users/ehgartns/Documents/new_pq_repo/auto_pq_16 bit/ra_pq_r test/ra_pq_r.sv}}] -no_script -reset -force -quiet
remove_files  {{C:/Users/ehgartns/Documents/new_pq_repo/auto_pq_16 bit/ra_pq_r test/ra_pq_r.sv}}
add_files -norecurse {{C:/Users/ehgartns/Documents/new_pq_repo/auto_pq_16 bit/ra_pq_r test/ra_pq_r.sv}}
update_compile_order -fileset sources_1
update_compile_order -fileset sources_1
launch_simulation
source core_sim.tcl
current_wave_config {Untitled 1}
add_wave {{/core_sim/DUV/U_PQ_IF}} 
current_wave_config {Untitled 1}
add_wave {{/core_sim/DUV/AUTO/LFSR/q}} 
current_wave_config {Untitled 1}
add_wave {{/core_sim/DUV/AUTO/FSM/state}} 
current_wave_config {Untitled 1}
add_wave {{/core_sim/DUV/AUTO/COMPCOUNT/din}} 
current_wave_config {Untitled 1}
add_wave {{/core_sim/DUV/AUTO/COMPCOUNT/newVal}} 
current_wave_config {Untitled 1}
add_wave {{/core_sim/DUV/AUTO/COMPCOUNT/oldVal}} 
current_wave_config {Untitled 1}
add_wave {{/core_sim/DUV/AUTO/COMPCOUNT/verdict}} 
current_wave_config {Untitled 1}
add_wave {{/core_sim/DUV/AUTO/COMPCOUNT/cteal_15}} 
relaunch_sim
run all
reset_run synth_1
launch_runs impl_1 -to_step write_bitstream -jobs 2
wait_on_run impl_1
open_hw_manager
connect_hw_server -allow_non_jtag
open_hw_target
set_property PROGRAM.FILE {C:/Users/ehgartns/Documents/new_pq_repo/auto_pq_16 bit/auto_pq_16.runs/impl_1/highest_level.bit} [get_hw_devices xc7a100t_0]
current_hw_device [get_hw_devices xc7a100t_0]
refresh_hw_device -update_hw_probes false [lindex [get_hw_devices xc7a100t_0] 0]
set_property PROBES.FILE {} [get_hw_devices xc7a100t_0]
set_property FULL_PROBES.FILE {} [get_hw_devices xc7a100t_0]
set_property PROGRAM.FILE {C:/Users/ehgartns/Documents/new_pq_repo/auto_pq_16 bit/auto_pq_16.runs/impl_1/highest_level.bit} [get_hw_devices xc7a100t_0]
program_hw_devices [get_hw_devices xc7a100t_0]
refresh_hw_device [lindex [get_hw_devices xc7a100t_0] 0]
add_files -norecurse {{C:/Users/ehgartns/Documents/new_pq_repo/auto_pq_16 bit/ra_pq test/ra_pq.sv}}
close_hw_manager
update_compile_order -fileset sources_1
update_compile_order -fileset sources_1
update_compile_order -fileset sources_1
close_sim
launch_simulation
source core_sim.tcl
current_wave_config {Untitled 2}
add_wave {{/core_sim/DUV/U_PQ_IF}} 
current_wave_config {Untitled 2}
add_wave {{/core_sim/DUV/AUTO/LFSR/q}} 
current_wave_config {Untitled 2}
add_wave {{/core_sim/DUV/AUTO/FSM/state}} 
current_wave_config {Untitled 2}
add_wave {{/core_sim/DUV/AUTO/COMPCOUNT/din}} 
current_wave_config {Untitled 2}
add_wave {{/core_sim/DUV/AUTO/COMPCOUNT/newVal}} 
current_wave_config {Untitled 2}
add_wave {{/core_sim/DUV/AUTO/COMPCOUNT/oldVal}} 
current_wave_config {Untitled 2}
add_wave {{/core_sim/DUV/AUTO/COMPCOUNT/verdict}} 
current_wave_config {Untitled 2}
add_wave {{/core_sim/DUV/AUTO/COMPCOUNT/cteal_15}} 
relaunch_sim
run all
relaunch_sim
run all
relaunch_sim
run all
reset_run synth_1
launch_runs impl_1 -to_step write_bitstream -jobs 2
wait_on_run impl_1
open_hw_manager
connect_hw_server -allow_non_jtag
open_hw_target
set_property PROGRAM.FILE {C:/Users/ehgartns/Documents/new_pq_repo/auto_pq_16 bit/auto_pq_16.runs/impl_1/highest_level.bit} [get_hw_devices xc7a100t_0]
current_hw_device [get_hw_devices xc7a100t_0]
refresh_hw_device -update_hw_probes false [lindex [get_hw_devices xc7a100t_0] 0]
set_property PROBES.FILE {} [get_hw_devices xc7a100t_0]
set_property FULL_PROBES.FILE {} [get_hw_devices xc7a100t_0]
set_property PROGRAM.FILE {C:/Users/ehgartns/Documents/new_pq_repo/auto_pq_16 bit/auto_pq_16.runs/impl_1/highest_level.bit} [get_hw_devices xc7a100t_0]
program_hw_devices [get_hw_devices xc7a100t_0]
refresh_hw_device [lindex [get_hw_devices xc7a100t_0] 0]
close_hw_manager
close_sim
